// Jest Snapshot v1, https://goo.gl/fbAQLP

exports[`render 1`] = `
<div
  id="__next"
>
  <div>
    <div>
      <div
        style="font-size:24px"
      >
        ·heading·
      </div>
      <div
        style="font-size:16px"
      >
        ·paragraph·
      </div>
    </div>
    <div>
      <div
        class="jsx-3102962925"
      >
        ·heading·
      </div>
      <div
        class="jsx-1758464876"
      >
        ·paragraph·
      </div>
      <div
        class="jsx-44984361"
      >
        <div
          class="jsx-1758464876"
        >
          ·listitem·
        </div>
      </div>
      <img
        alt="Square placeholder image 80px"
        height="80"
        src="https://via.placeholder.com/80"
        width="80"
      />
    </div>
    <div>
      <br />
    </div>
  </div>
</div>
`;
