// Jest Snapshot v1, https://goo.gl/fbAQLP

exports[`render 1`] = `
Object {
  "attributes": Object {
    "id": "__next",
  },
  "children": Array [
    Object {
      "attributes": Object {
        "class": "jsx-2517315232",
      },
      "children": Array [
        Object {
          "attributes": Object {
            "class": "jsx-442929638",
          },
          "children": Array [
            "Basic Example",
          ],
          "tag": "DIV",
        },
        Object {
          "attributes": Object {
            "autocorrect": "off",
            "contenteditable": "true",
            "data-gramm": "true",
            "role": "textbox",
            "spellcheck": "false",
            "style": "background-color:#eee;margin-bottom:24px;outline:none;padding:8px;width:300px",
            "tabindex": "0",
          },
          "children": Array [
            Object {
              "attributes": Object {},
              "children": Array [
                Object {
                  "attributes": Object {
                    "style": "font-size:24px",
                  },
                  "children": Array [
                    "heading",
                  ],
                  "tag": "DIV",
                },
                Object {
                  "attributes": Object {
                    "style": "font-size:16px",
                  },
                  "children": Array [
                    "paragraph",
                  ],
                  "tag": "DIV",
                },
              ],
              "tag": "DIV",
            },
          ],
          "tag": "DIV",
        },
        Object {
          "attributes": Object {
            "class": "jsx-1341841029",
          },
          "children": Array [
            Object {
              "attributes": Object {
                "class": "jsx-1141794554",
              },
              "children": Array [
                Object {
                  "attributes": Object {
                    "class": "jsx-1341841029",
                  },
                  "children": Array [
                    "selection: ",
                    Object {
                      "attributes": Object {
                        "class": "jsx-1341841029",
                      },
                      "children": Array [],
                      "tag": "BR",
                    },
                    "hasFocus: ",
                    "false",
                  ],
                  "tag": "PRE",
                },
              ],
              "tag": "DIV",
            },
          ],
          "tag": "DIV",
        },
        Object {
          "attributes": Object {
            "class": "jsx-442929638",
          },
          "children": Array [
            "Schema Example",
          ],
          "tag": "DIV",
        },
        Object {
          "attributes": Object {
            "autocorrect": "off",
            "contenteditable": "true",
            "data-gramm": "true",
            "role": "textbox",
            "spellcheck": "false",
            "style": "background-color:#eee;margin-bottom:24px;outline:none;padding:8px;width:300px",
            "tabindex": "0",
          },
          "children": Array [
            Object {
              "attributes": Object {
                "class": "",
              },
              "children": Array [
                Object {
                  "attributes": Object {
                    "class": "jsx-3102962925",
                  },
                  "children": Array [
                    "heading",
                  ],
                  "tag": "DIV",
                },
                Object {
                  "attributes": Object {
                    "class": "jsx-1758464876",
                  },
                  "children": Array [
                    "paragraph",
                  ],
                  "tag": "DIV",
                },
                Object {
                  "attributes": Object {
                    "class": "jsx-44984361",
                  },
                  "children": Array [
                    Object {
                      "attributes": Object {
                        "class": "jsx-1758464876",
                      },
                      "children": Array [
                        "listitem",
                      ],
                      "tag": "DIV",
                    },
                  ],
                  "tag": "DIV",
                },
                Object {
                  "attributes": Object {
                    "alt": "Square placeholder image 80px",
                    "class": "",
                    "height": "80",
                    "src": "https://via.placeholder.com/80",
                    "width": "80",
                  },
                  "children": Array [],
                  "tag": "IMG",
                },
              ],
              "tag": "DIV",
            },
          ],
          "tag": "DIV",
        },
        Object {
          "attributes": Object {
            "class": "focus",
            "disabled": "",
            "type": "button",
          },
          "children": Array [
            "focus",
          ],
          "tag": "BUTTON",
        },
        Object {
          "attributes": Object {
            "class": "blur",
            "type": "button",
          },
          "children": Array [
            "blur",
          ],
          "tag": "BUTTON",
        },
        Object {
          "attributes": Object {
            "class": "jsx-1341841029",
          },
          "children": Array [
            Object {
              "attributes": Object {
                "class": "jsx-1141794554",
              },
              "children": Array [
                Object {
                  "attributes": Object {
                    "class": "jsx-1341841029",
                  },
                  "children": Array [
                    "selection: ",
                    "{\\"anchor\\":[0,0,0],\\"focus\\":[0,0,0]}",
                    Object {
                      "attributes": Object {
                        "class": "jsx-1341841029",
                      },
                      "children": Array [],
                      "tag": "BR",
                    },
                    "hasFocus: ",
                    "true",
                  ],
                  "tag": "PRE",
                },
              ],
              "tag": "DIV",
            },
          ],
          "tag": "DIV",
        },
      ],
      "tag": "DIV",
    },
  ],
  "tag": "DIV",
}
`;
